
 RUN  v4.0.18 C:/Users/User/Downloads/antigravity/Tarot

 ??src/utils/gestureRecognition.test.ts (21 tests) 9ms
 ??src/api.test.ts (5 tests) 34ms

 Test Files  2 passed (2)
      Tests  26 passed (26)
   Start at  17:31:00
   Duration  984ms (transform 176ms, setup 247ms, import 132ms, tests 43ms, environment 1.15s)

